// Jest Snapshot v1, https://goo.gl/fbAQLP

exports[`Password renders password 1`] = `
<input
  class="sc-bdfBwQ sc-dlfnbm gcJGpO gOrIRV"
  data-testid="password-input"
  type="password"
/>
`;
